============================= test session starts ==============================
platform linux -- Python 3.13.15, pytest-9.1.1, pluggy-1.6.0 -- /home/miguel-angel-ortiz/Documentos/Especialización IA/Proyectos_Inteligencia_artificial/UAO-Neumonia/.venv/bin/python
cachedir: .pytest_cache
rootdir: /home/miguel-angel-ortiz/Documentos/Especialización IA/Proyectos_Inteligencia_artificial/UAO-Neumonia
configfile: pyproject.toml
plugins: anyio-4.15.1
collecting ... collected 121 items

test/test_detector_neumonia.py::test_gui_initial_state PASSED            [  0%]
test/test_detector_neumonia.py::test_gui_save_csv_various_patients[cedula] PASSED [  1%]
test/test_detector_neumonia.py::test_gui_save_csv_various_patients[con_guion] PASSED [  2%]
test/test_detector_neumonia.py::test_gui_save_csv_various_patients[pasaporte] PASSED [  3%]
test/test_detector_neumonia.py::test_gui_save_csv_various_patients[tarjeta_id] PASSED [  4%]
test/test_detector_neumonia.py::test_gui_save_csv_various_patients[anonimo] PASSED [  4%]
test/test_detector_neumonia.py::test_gui_create_pdf_various_diagnoses[pdf_norm1] PASSED [  5%]
test/test_detector_neumonia.py::test_gui_create_pdf_various_diagnoses[pdf_bact1] PASSED [  6%]
test/test_detector_neumonia.py::test_gui_create_pdf_various_diagnoses[pdf_viral1] PASSED [  7%]
test/test_detector_neumonia.py::test_gui_create_pdf_various_diagnoses[pdf_norm2] PASSED [  8%]
test/test_detector_neumonia.py::test_gui_create_pdf_various_diagnoses[pdf_bact2] PASSED [  9%]
test/test_detector_neumonia.py::test_gui_reset_form_confirmed PASSED     [  9%]
test/test_detector_neumonia.py::test_gui_reset_form_cancelled PASSED     [ 10%]
test/test_detector_neumonia.py::test_gui_consecutive_resets PASSED       [ 11%]
test/test_detector_neumonia.py::test_gui_window_title PASSED             [ 12%]
test/test_detector_neumonia.py::test_gui_report_id_increments PASSED     [ 13%]
test/test_detector_neumonia.py::test_gui_empty_patient_id_default PASSED [ 14%]
test/test_detector_neumonia.py::test_btn_predict_enables_when_image_loaded PASSED [ 14%]
test/test_detector_neumonia.py::test_btn_predict_disables_on_reset PASSED [ 15%]
test/test_detector_neumonia.py::test_patient_entry_var_binding PASSED    [ 16%]
test/test_grad_cam.py::test_predict_and_explain_real_samples[dcm_norm] PASSED [ 17%]
test/test_grad_cam.py::test_predict_and_explain_real_samples[dcm_viral] PASSED [ 18%]
test/test_grad_cam.py::test_predict_and_explain_real_samples[jpg_norm1] PASSED [ 19%]
test/test_grad_cam.py::test_predict_and_explain_real_samples[jpg_norm2] PASSED [ 19%]
test/test_grad_cam.py::test_predict_synthetic_arrays[256x256x3] PASSED   [ 20%]
test/test_grad_cam.py::test_predict_synthetic_arrays[512x512x3] PASSED   [ 21%]
test/test_grad_cam.py::test_predict_synthetic_arrays[300x300_gray] PASSED [ 22%]
test/test_grad_cam.py::test_generate_gradcam_heatmap_normalization[baja_intensidad] PASSED [ 23%]
test/test_grad_cam.py::test_generate_gradcam_heatmap_normalization[media_intensidad] PASSED [ 23%]
test/test_grad_cam.py::test_generate_gradcam_heatmap_normalization[alta_intensidad] PASSED [ 24%]
test/test_grad_cam.py::test_predict_invalid_layer_raises_value_error[fantasma] PASSED [ 25%]
test/test_grad_cam.py::test_predict_invalid_layer_raises_value_error[dense_1] PASSED [ 26%]
test/test_grad_cam.py::test_predict_invalid_layer_raises_value_error[conv_err] PASSED [ 27%]
test/test_grad_cam.py::test_predict_black_image PASSED                   [ 28%]
test/test_grad_cam.py::test_predict_invalid_input_type PASSED            [ 28%]
test/test_integrator.py::test_process_and_diagnose_real_files[data/DICOM/normal (2).dcm] PASSED [ 29%]
test/test_integrator.py::test_process_and_diagnose_real_files[data/DICOM/normal (3).dcm] PASSED [ 30%]
test/test_integrator.py::test_process_and_diagnose_real_files[data/DICOM/viral (2).dcm] PASSED [ 31%]
test/test_integrator.py::test_process_and_diagnose_real_files[data/DICOM/viral (3).dcm] PASSED [ 32%]
test/test_integrator.py::test_process_and_diagnose_real_files[data/JPG/normal/NORMAL2-IM-1144-0001.jpeg] PASSED [ 33%]
test/test_integrator.py::test_process_and_diagnose_real_files[data/JPG/normal/NORMAL2-IM-1145-0001.jpeg] PASSED [ 33%]
test/test_integrator.py::test_process_and_diagnose_memory_arrays[128x128] PASSED [ 34%]
test/test_integrator.py::test_process_and_diagnose_memory_arrays[256x256] PASSED [ 35%]
test/test_integrator.py::test_process_and_diagnose_memory_arrays[512x512] PASSED [ 36%]
test/test_integrator.py::test_predict_bridge_function[200x200] PASSED    [ 37%]
test/test_integrator.py::test_predict_bridge_function[512x512] PASSED    [ 38%]
test/test_integrator.py::test_predict_bridge_function[400x400_gray] PASSED [ 38%]
test/test_integrator.py::test_model_caching_singleton PASSED             [ 39%]
test/test_integrator.py::test_process_and_diagnose_invalid_types[None] PASSED [ 40%]
test/test_integrator.py::test_process_and_diagnose_invalid_types[int] PASSED [ 41%]
test/test_integrator.py::test_process_and_diagnose_invalid_types[list] PASSED [ 42%]
test/test_integrator.py::test_process_and_diagnose_invalid_types[dict] PASSED [ 42%]
test/test_integrator.py::test_process_and_diagnose_missing_files[dcm_err] PASSED [ 43%]
test/test_integrator.py::test_process_and_diagnose_missing_files[jpg_err] PASSED [ 44%]
test/test_integrator.py::test_process_and_diagnose_missing_files[png_err] PASSED [ 45%]
test/test_load_model.py::test_load_model_instance PASSED                 [ 46%]
test/test_load_model.py::test_model_input_dimensions PASSED              [ 47%]
test/test_load_model.py::test_model_output_dimensions PASSED             [ 47%]
test/test_load_model.py::test_model_has_required_layers_count PASSED     [ 48%]
test/test_load_model.py::test_model_has_conv10_layer PASSED              [ 49%]
test/test_load_model.py::test_validate_integrity_detects_missing_layers[falsa_1] PASSED [ 50%]
test/test_load_model.py::test_validate_integrity_detects_missing_layers[conv_99] PASSED [ 51%]
test/test_load_model.py::test_validate_integrity_detects_missing_layers[dense_err] PASSED [ 52%]
test/test_load_model.py::test_validate_integrity_detects_missing_layers[lstm_err] PASSED [ 52%]
test/test_load_model.py::test_load_model_missing_files[fantasma] PASSED  [ 53%]
test/test_load_model.py::test_load_model_missing_files[no_existe] PASSED [ 54%]
test/test_load_model.py::test_load_model_missing_files[falsa_keras] PASSED [ 55%]
test/test_load_model.py::test_load_model_missing_files[carpeta_vacia] PASSED [ 56%]
test/test_load_model.py::test_validate_integrity_invalid_model_object[string] PASSED [ 57%]
test/test_load_model.py::test_validate_integrity_invalid_model_object[None] PASSED [ 57%]
test/test_preprocess_img.py::test_preprocess_various_input_shapes[peque\xf1a-100x100] PASSED [ 58%]
test/test_preprocess_img.py::test_preprocess_various_input_shapes[mediana-256x256] PASSED [ 59%]
test/test_preprocess_img.py::test_preprocess_various_input_shapes[est\xe1ndar-512x512] PASSED [ 60%]
test/test_preprocess_img.py::test_preprocess_various_input_shapes[rectangular-1024x768] PASSED [ 61%]
test/test_preprocess_img.py::test_preprocess_various_input_shapes[impar-333x517] PASSED [ 61%]
test/test_preprocess_img.py::test_preprocess_various_input_shapes[3-canales-600x600x3] PASSED [ 62%]
test/test_preprocess_img.py::test_preprocess_various_input_shapes[1-canal-256x256x1] PASSED [ 63%]
test/test_preprocess_img.py::test_preprocess_supported_dtypes[uint8] PASSED [ 64%]
test/test_preprocess_img.py::test_preprocess_supported_dtypes[uint16] PASSED [ 65%]
test/test_preprocess_img.py::test_preprocess_supported_dtypes[int32] PASSED [ 66%]
test/test_preprocess_img.py::test_preprocess_supported_dtypes[float32] PASSED [ 66%]
test/test_preprocess_img.py::test_preprocess_supported_dtypes[float64] PASSED [ 67%]
test/test_preprocess_img.py::test_preprocess_pixel_ranges[negra] PASSED  [ 68%]
test/test_preprocess_img.py::test_preprocess_pixel_ranges[blanca] PASSED [ 69%]
test/test_preprocess_img.py::test_preprocess_pixel_ranges[gris] PASSED   [ 70%]
test/test_preprocess_img.py::test_preprocess_pixel_ranges[float_unitario] PASSED [ 71%]
test/test_preprocess_img.py::test_preprocess_pixel_ranges[hounsfield] PASSED [ 71%]
test/test_preprocess_img.py::test_preprocess_pixel_ranges[12bits] PASSED [ 72%]
test/test_preprocess_img.py::test_preprocess_invalid_types_raise_type_error[string] PASSED [ 73%]
test/test_preprocess_img.py::test_preprocess_invalid_types_raise_type_error[entero] PASSED [ 74%]
test/test_preprocess_img.py::test_preprocess_invalid_types_raise_type_error[lista] PASSED [ 75%]
test/test_preprocess_img.py::test_preprocess_invalid_types_raise_type_error[diccionario] PASSED [ 76%]
test/test_preprocess_img.py::test_preprocess_invalid_types_raise_type_error[None] PASSED [ 76%]
test/test_preprocess_img.py::test_preprocess_invalid_arrays_raise_value_error[arreglo_vacio] PASSED [ 77%]
test/test_preprocess_img.py::test_preprocess_invalid_arrays_raise_value_error[arreglo_1D] PASSED [ 78%]
test/test_preprocess_img.py::test_preprocess_invalid_arrays_raise_value_error[cinco_canales] PASSED [ 79%]
test/test_read_img.py::test_read_dicom_real_samples[data/DICOM/normal (2).dcm] PASSED [ 80%]
test/test_read_img.py::test_read_dicom_real_samples[data/DICOM/normal (3).dcm] PASSED [ 80%]
test/test_read_img.py::test_read_dicom_real_samples[data/DICOM/viral (2).dcm] PASSED [ 81%]
test/test_read_img.py::test_read_dicom_real_samples[data/DICOM/viral (3).dcm] PASSED [ 82%]
test/test_read_img.py::test_read_jpg_real_samples[data/JPG/normal/NORMAL2-IM-1144-0001.jpeg] PASSED [ 83%]
test/test_read_img.py::test_read_jpg_real_samples[data/JPG/normal/NORMAL2-IM-1145-0001.jpeg] PASSED [ 84%]
test/test_read_img.py::test_read_file_auto_detect_all_real_samples[data/DICOM/normal (2).dcm] PASSED [ 85%]
test/test_read_img.py::test_read_file_auto_detect_all_real_samples[data/DICOM/normal (3).dcm] PASSED [ 85%]
test/test_read_img.py::test_read_file_auto_detect_all_real_samples[data/DICOM/viral (2).dcm] PASSED [ 86%]
test/test_read_img.py::test_read_file_auto_detect_all_real_samples[data/DICOM/viral (3).dcm] PASSED [ 87%]
test/test_read_img.py::test_read_file_auto_detect_all_real_samples[data/JPG/normal/NORMAL2-IM-1144-0001.jpeg] PASSED [ 88%]
test/test_read_img.py::test_read_file_auto_detect_all_real_samples[data/JPG/normal/NORMAL2-IM-1145-0001.jpeg] PASSED [ 89%]
test/test_read_img.py::test_read_file_extension_case_insensitivity[.jpg] PASSED [ 90%]
test/test_read_img.py::test_read_file_extension_case_insensitivity[.JPG] PASSED [ 90%]
test/test_read_img.py::test_read_file_extension_case_insensitivity[.jpeg] PASSED [ 91%]
test/test_read_img.py::test_read_file_extension_case_insensitivity[.JPEG] PASSED [ 92%]
test/test_read_img.py::test_read_file_extension_case_insensitivity[.png] PASSED [ 93%]
test/test_read_img.py::test_read_file_extension_case_insensitivity[.PNG] PASSED [ 94%]
test/test_read_img.py::test_read_file_dcm_uppercase_extension PASSED     [ 95%]
test/test_read_img.py::test_read_file_missing_paths[no_existe/radiografia.dcm] PASSED [ 95%]
test/test_read_img.py::test_read_file_missing_paths[data/falso/archivo.jpg] PASSED [ 96%]
test/test_read_img.py::test_read_file_missing_paths[sin_carpeta/test.jpeg] PASSED [ 97%]
test/test_read_img.py::test_read_file_missing_paths[ruta_inventada/sin_extension] PASSED [ 98%]
test/test_read_img.py::test_read_jpg_corrupt_or_empty PASSED             [ 99%]
test/test_read_img.py::test_read_file_directory_path PASSED              [100%]

============================= 121 passed in 23.42s =============================
